// Jest Snapshot v1, https://goo.gl/fbAQLP

exports[`<Block /> snapshot 1`] = `
<div
  className="bg-indigo-50 cursor-pointer border-dotted border-gray-400 border-2 text-center  active:bg-emerald-200 w-full h-full max-w-sm sm:max-w-md"
  onClick={[Function]}
>
  dummy
</div>
`;
